<html>
<body>
<pre>
<h1>礦ision Build Log</h1>
<h2>Tool Versions:</h2>
IDE-Version: μVision V5.24.2.86
Copyright (C) 2017 ARM Ltd and ARM Germany GmbH. All rights reserved.
License Information: zhou izh20, 1, LIC=14HKP-MS4CD-YVC1Y-I5TFK-YDSAG-LKK7Z
 
Tool Versions:
Toolchain:       MDK-ARM Plus  Version: 5.24.1
Toolchain Path:  D:\Keil_v5\ARM\ARMCC\Bin
C Compiler:      Armcc.exe V5.06 update 5 (build 528)
Assembler:       Armasm.exe V5.06 update 5 (build 528)
Linker/Locator:  ArmLink.exe V5.06 update 5 (build 528)
Library Manager: ArmAr.exe V5.06 update 5 (build 528)
Hex Converter:   FromElf.exe V5.06 update 5 (build 528)
CPU DLL:         SARMCM3.DLL V5.24.1
Dialog DLL:      DCM.DLL V1.16.0.0
Target DLL:      CMSIS_AGDI.dll V1.28.3.0
Dialog DLL:      TCM.DLL V1.32.0.0
 
<h2>Project:</h2>
C:\Users\izh20\Desktop\infantry\MDK-ARM\demo.uvprojx
Project File Date:  02/16/2019

<h2>Output:</h2>
*** Using Compiler 'V5.06 update 5 (build 528)', folder: 'D:\Keil_v5\ARM\ARMCC\Bin'
Build target 'demo'
compiling stm32f4xx_hal_cortex.c...
compiling stm32f4xx_hal_pwr.c...
compiling stm32f4xx_hal_flash_ramfunc.c...
compiling stm32f4xx_hal_gpio.c...
compiling stm32f4xx_hal_flash_ex.c...
compiling stm32f4xx_hal_flash.c...
compiling stm32f4xx_hal_can.c...
compiling stm32f4xx_hal.c...
compiling stm32f4xx_hal_dma_ex.c...
compiling stm32f4xx_hal_rcc_ex.c...
compiling stm32f4xx_hal_uart.c...
compiling stm32f4xx_hal_tim_ex.c...
compiling stm32f4xx_hal_pwr_ex.c...
compiling stm32f4xx_hal_tim.c...
assembling startup_stm32f427xx.s...
compiling system_stm32f4xx.c...
compiling stm32f4xx_hal_rcc.c...
compiling stm32f4xx_hal_dma.c...
compiling robomaster_vcan.c...
compiling bsp_can.c...
compiling pid.c...
bsp\pid.c(65): warning:  #1035-D: single-precision operand implicitly converted to double-precision
  		motor_pid[motornum].kp = (float)kp/1000.0;
bsp\pid.c(66): warning:  #1035-D: single-precision operand implicitly converted to double-precision
  		motor_pid[motornum].ki = (float)ki/1000.0;
bsp\pid.c(67): warning:  #1035-D: single-precision operand implicitly converted to double-precision
  		motor_pid[motornum].kd = (float)kd/1000.0;
bsp\pid.c: 3 warnings, 0 errors
compiling stm32f4xx_hal_spi.c...
compiling myiic.c...
compiling robomaster_filter.c...
compiling bsp_imu.c...
..\MPU9250\mpu9250.h(20): warning:  #47-D: incompatible redefinition of macro "MPU6500_ID"  (declared at line 110 of "bsp\mpu6500_reg.h")
  #define MPU6500_ID				0X71  	//MPU6500的器件ID
bsp\bsp_imu.c: 1 warning, 0 errors
compiling robomaster_control.c...
bsp\robomaster_control.c(18): warning:  #47-D: incompatible redefinition of macro "PI"  (declared at line 21 of "bsp\robomaster_filter.h")
  #define PI 3.1415926
bsp\robomaster_control.c(286): warning:  #1035-D: single-precision operand implicitly converted to double-precision
  	pan_tilt_rad=(chassis_yaw_angle.initial-
an_tilt_yaw_motor.angle)/8192*360/
I;
bsp\robomaster_control.c: 2 warnings, 0 errors
compiling robomaster_task.c...
compiling mpu9250.c...
..\MPU9250\mpu9250.h(20): warning:  #47-D: incompatible redefinition of macro "MPU6500_ID"  (declared at line 110 of ".\bsp\mpu6500_reg.h")
  #define MPU6500_ID				0X71  	//MPU6500的器件ID
..\MPU9250\mpu9250.c: 1 warning, 0 errors
compiling robomaster_calibrate.c...
compiling robot_status.c...
compiling pan_tilt_control.c...
compiling LevenbergMarquardt.c...
compiling robomaster_vision.c...
bsp\robomaster_vision.c(18): warning:  #520-D: initialization with "{...}" expected for aggregate object
  uint16_t UART6_Date[8]=0;//串口2接收pid调参数据
bsp\robomaster_vision.c(64): warning:  #177-D: variable "i"  was declared but never referenced
  	u8 i=0;
bsp\robomaster_vision.c: 2 warnings, 0 errors
compiling robomaster_userlib.c...
compiling bling.c...
compiling referee_sys.c...
compiling robomaster_fric.c...
compiling kalman_filter.c...
compiling stm32f4xx_hal_msp.c...
compiling robomaster_shoot.c...
bsp\robomaster_shoot.c(14): warning:  #177-D: variable "trigger_motor"  was declared but never referenced
  static Shoot_Motor_t trigger_motor;          //射击数据
bsp\robomaster_shoot.c(15): warning:  #177-D: variable "shoot_mode"  was declared but never referenced
  static shoot_mode_e shoot_mode = SHOOT_STOP; //射击状态机
bsp\robomaster_shoot.c: 2 warnings, 0 errors
compiling stm32f4xx_hal_timebase_TIM.c...
compiling main.c...
..\MPU9250\mpu9250.h(20): warning:  #47-D: incompatible redefinition of macro "MPU6500_ID"  (declared at line 110 of ".\bsp\mpu6500_reg.h")
  #define MPU6500_ID				0X71  	//MPU6500的器件ID
../Src/main.c(151): warning:  #223-D: function "arm_cos_f32" declared implicitly
  		  cosx=arm_cos_f32(24.6); //使用 DSP 优化的 sin，cos 函数 
../Src/main.c(148): warning:  #550-D: variable "cosx"  was set but never used
  	float cosx;
../Src/main.c: 3 warnings, 0 errors
compiling usart.c...
compiling can.c...
compiling gpio.c...
compiling stm32f4xx_it.c...
compiling dma.c...
compiling Remote_Control.c...
compiling spi.c...
compiling tim.c...
compiling usmart.c...
..\SYSTEM\USMART\usmart.c(307): warning:  #177-D: variable "f"  was declared but never referenced
  	u8 f;
..\SYSTEM\USMART\usmart.c: 1 warning, 0 errors
compiling delay.c...
compiling usmart_config.c...
compiling usmart_str.c...
linking...
Program Size: Code=36294 RO-data=2834 RW-data=676 ZI-data=5940  
"demo\demo.axf" - 0 Error(s), 15 Warning(s).

<h2>Software Packages used:</h2>

Package Vendor: ARM
                http://www.keil.com/pack/ARM.CMSIS.5.0.1.pack
                ARM.CMSIS.5.0.1
                CMSIS (Cortex Microcontroller Software Interface Standard)
   * Component: CORE Version: 5.0.1

Package Vendor: Keil
                http://www.keil.com/pack/Keil.STM32F4xx_DFP.2.13.0.pack
                Keil.STM32F4xx_DFP.2.13.0
                STMicroelectronics STM32F4 Series Device Support, Drivers and Examples

<h2>Collection of Component include folders:</h2>
  .\RTE\_demo
  D:\Keil_v5\ARM\PACK\ARM\CMSIS\5.0.1\CMSIS\Include
  D:\Keil_v5\ARM\PACK\Keil\STM32F4xx_DFP\2.13.0\Drivers\CMSIS\Device\ST\STM32F4xx\Include

<h2>Collection of Component Files used:</h2>

   * Component: ARM::CMSIS:CORE:5.0.1
Build Time Elapsed:  00:02:50
</pre>
</body>
</html>
